// Jest Snapshot v1, https://goo.gl/fbAQLP

exports[`Refueling renders correctly 1`] = `
<div
  className="Root"
>
  Refueling
</div>
`;
